
 ⛅️ wrangler 4.81.1 (update available 4.98.0)
─────────────────────────────────────────────
Using secrets defined in .dev.vars
Your Worker has access to the following bindings:
Binding                                             Resource                  Mode
env.KV (YOUR_KV_NAMESPACE_ID)                       KV Namespace              local
env.R2 (secure-store-vault-storage)                 R2 Bucket                 local
env.JWT_SECRET ("(hidden)")                         Environment Variable      local
env.INITIAL_USERS ("(hidden)")                      Environment Variable      local

⎔ Starting local server...
[wrangler:info] Ready on http://localhost:8787
[wrangler:info] POST /api/auth/login 200 OK (213ms)
[wrangler:info] POST /api/auth/login 200 OK (65ms)
[wrangler:info] POST /api/auth/login 200 OK (73ms)
[wrangler:info] POST /api/keys 201 Created (12ms)
[wrangler:info] PUT /api/items/index 200 OK (10ms)
[wrangler:info] GET /api/items/index 200 OK (7ms)
[wrangler:info] POST /api/auth/login 200 OK (66ms)
[wrangler:info] POST /api/auth/login 200 OK (65ms)
[wrangler:info] POST /api/auth/login 200 OK (94ms)
[wrangler:info] POST /api/auth/login 200 OK (66ms)
[wrangler:info] POST /api/auth/login 200 OK (65ms)
[wrangler:info] POST /api/auth/login 200 OK (64ms)
[wrangler:info] POST /api/auth/login 200 OK (67ms)
[wrangler:info] POST /api/auth/verify 200 OK (10ms)
[wrangler:info] GET /api/items/index 200 OK (3ms)
[wrangler:info] POST /api/auth/login 200 OK (64ms)
[wrangler:info] POST /api/auth/verify 200 OK (6ms)
[wrangler:info] GET /api/items/index 200 OK (5ms)
[wrangler:info] POST /api/auth/login 200 OK (63ms)
[wrangler:info] POST /api/auth/verify 200 OK (6ms)
[wrangler:info] GET /api/items/index 200 OK (4ms)
[wrangler:info] POST /api/auth/login 200 OK (65ms)
[wrangler:info] POST /api/auth/verify 200 OK (5ms)
[wrangler:info] GET /api/items/index 200 OK (4ms)
[wrangler:info] POST /api/auth/login 200 OK (65ms)
[wrangler:info] POST /api/auth/verify 200 OK (8ms)
[wrangler:info] GET /api/items/index 200 OK (4ms)
[wrangler:info] PUT /api/items/f5637768-0a1b-48c7-9ca3-90d30ee40843 200 OK (11ms)
[wrangler:info] PUT /api/items/index 200 OK (7ms)
[wrangler:info] POST /api/auth/login 200 OK (67ms)
[wrangler:info] POST /api/auth/verify 200 OK (8ms)
[wrangler:info] GET /api/items/index 200 OK (5ms)
